// Jest Snapshot v1, https://goo.gl/fbAQLP

exports[`parses log data with multiple requests 1`] = `
Object {
  "0": Object {
    "@timestamp": "2019-02-26T16:48:37.234Z",
    "api_stage": "uwe3g5jm54/Prod",
    "endpoint_request_body": Object {
      "headers": Object {
        "Accept": "application/json",
        "Accept-Encoding": "gzip, deflate",
        "CloudFront-Forwarded-Proto": "https",
        "CloudFront-Is-Desktop-Viewer": "true",
        "CloudFront-Is-Mobile-Viewer": "false",
        "CloudFront-Is-SmartTV-Viewer": "false",
        "CloudFront-Is-Tablet-Viewer": "false",
        "CloudFront-Viewer-Country": "GB",
        "Content-Type": "application/json",
        "Host": "uwe3g5jm54.execute-api.eu-west-2.amazonaws.com",
        "User-Agent": "python-requests/2.20.0",
        "Via": "1.1 e2ba00588275e7b45594ad99994de543.cloudfront.net (CloudFront)",
        "X-Amz-Cf-Id": "KCem6vn221G2u9mfQEK0US4aO2sYkdTS5Sm7Hlkcdx26tmXDBTaOnA==",
        "X-Amzn-Trace-Id": "Root=1-5c756de5-f69ee0aea16ccb26b0eb5c51",
        "X-Forwarded-For": "62.254.81.74, 54.239.166.85",
        "X-Forwarded-Port": "443",
        "X-Forwarded-Proto": "https",
      },
      "httpMethod": "POST",
      "multiValueHeaders": Object {
        "Accept": Array [
          "application/json",
        ],
        "Accept-Encoding": Array [
          "gzip, deflate",
        ],
        "CloudFront-Forwarded-Proto": Array [
          "https",
        ],
        "CloudFront-Is-Desktop-Viewer": Array [
          "true",
        ],
      },
      "path": "/receipt",
      "resource": "/receipt",
    },
    "endpoint_request_headers": Object {
      "Accept": "application/json",
      "Authorization": "************************************************************************************************************************************************************************************************************************************************************************************************************************ad4886",
      "User-Agent": "AmazonAPIGateway_uwe3g5jm54",
      "X-Amz-Date": "20190226T164837Z",
      "X-Amz-Security-Token": "FQoGZXIvYXdzELn//////////wEaDKkvL26vW+vpO6oebyK3A7YNcUbY0OR/LDigGXvkfr8mTdBwrLp/bKgH3baW3ENcoTkggGmIs5wnL3iFe0Q1p/WMk+cHN9lRk6HXAubOe4Vg3Jpp3ASGGvBjgDKx090XEaAnj2pik830H28ezKRhHaYUhS/3KIneH/59Bt8t1T3gpVDWqPTCicr1d1GpYRGg+Xn9J5HKRVO/KXx2P8zqY1tJBGxOZg6cmR4BnwunlmyfioYGiSYurae3qLoyQdUIdoEmuXBOcH9cTtRaJwOThkehFx5yBg4NFnoKnIZD0VVBPIfjIVLuZBYxDTzvisx54HjSt [TRUNCATED]",
      "X-Amz-Source-Arn": "arn:aws:execute-api:eu-west-2:958845080241:uwe3g5jm54/Prod/POST/receipt",
      "x-amzn-apigateway-api-id": "uwe3g5jm54",
      "x-amzn-lambda-integration-tag": "5cb7ee58-39e6-11e9-be7e-29aff96747f2",
    },
    "endpoint_request_uri": "https://lambda.eu-west-2.amazonaws.com/2015-03-31/functions/arn:aws:lambda:eu-west-2:958845080241:function:log-test-1-StartReceiptVerifyFunc-BEGOSV0XJRHI/invocations",
    "endpoint_response_body": Object {
      "body": Object {
        "message": "Request failed with status code 502

\\"Error: Request failed with status code 502\\\\n at createError (/var/task/node_modules/axios/lib/core/createError.js:16:15)\\\\n at settle (/var/task/node_modules/axios/lib/core/settle.js:18:12)\\\\n at IncomingMessage.handleStreamEnd (/var/task/node_modules/axios/lib/adapters/http.js:201:11)\\\\n at emitNone (events.js:111:20)\\\\n at IncomingMessage.emit (events.js:208:7)\\\\n at endReadableNT (_stream_readable.js:1064:12)\\\\n at /opt/nodejs/node_modules/async-listener/glue.js:188:31\\\\n at _combinedTickCallback (internal/process/next_tick.js:138:11)\\\\n at process._tickDomainCallback [as _tickCallback] (internal/process/next_tick.js:218:9)\\"",
      },
      "statusCode": 500,
    },
    "endpoint_response_headers": Object {
      "Connection": "keep-alive",
      "Content-Length": "745",
      "Content-Type": "application/json",
      "Date": "Tue",
      "X-Amz-Executed-Version": "$LATEST",
      "X-Amzn-Trace-Id": "root",
      "x-amzn-Remapped-Content-Length": "0",
      "x-amzn-RequestId": "15aba189-6719-4153-b214-46824db50ffa",
    },
    "execution_failure": "Malformed Lambda proxy response",
    "http_method": "POST",
    "http_resource_path": "/receipt",
    "integration_latency": 111,
    "method_request_body": Object {
      "receiptData": "82ca4c4f-26dd-4554-a11e-c3feb5324345",
    },
    "method_request_headers": Object {
      "Accept": "application/json",
      "Accept-Encoding": "gzip",
      "CloudFront-Forwarded-Proto": "https",
      "CloudFront-Is-Desktop-Viewer": "true",
      "CloudFront-Is-Mobile-Viewer": "false",
      "CloudFront-Is-SmartTV-Viewer": "false",
      "CloudFront-Is-Tablet-Viewer": "false",
      "CloudFront-Viewer-Country": "GB",
      "Content-Type": "application/json}",
      "Host": "uwe3g5jm54.execute-api.eu-west-2.amazonaws.com",
      "User-Agent": "python-requests/2.20.0",
      "Via": "1.1 e2ba00588275e7b45594ad99994de543.cloudfront.net (CloudFront)",
      "X-Amz-Cf-Id": "KCem6vn221G2u9mfQEK0US4aO2sYkdTS5Sm7Hlkcdx26tmXDBTaOnA",
      "X-Amzn-Trace-Id": "Root",
      "X-Forwarded-For": "62.254.81.74",
      "X-Forwarded-Port": "443",
      "X-Forwarded-Proto": "https",
    },
    "method_status": 502,
    "request-end-time": 2019-02-26T16:48:37.349Z,
    "request-execution-duration": 115,
    "request-start-time": 2019-02-26T16:48:37.234Z,
    "request_id": "5cb7ee58-39e6-11e9-be7e-29aff96747f2",
    "request_path": "{}",
    "request_query_string": Object {},
  },
  "1": Object {
    "@timestamp": "2019-02-26T16:48:42.879Z",
    "api_stage": "uwe3g5jm54/Prod",
    "endpoint_request_body": Object {
      "headers": Object {
        "Accept": "application/json",
        "Accept-Encoding": "gzip, deflate",
        "CloudFront-Forwarded-Proto": "https",
        "CloudFront-Is-Desktop-Viewer": "true",
        "CloudFront-Is-Mobile-Viewer": "false",
        "CloudFront-Is-SmartTV-Viewer": "false",
        "CloudFront-Is-Tablet-Viewer": "false",
        "CloudFront-Viewer-Country": "GB",
        "Content-Type": "application/json",
        "Host": "uwe3g5jm54.execute-api.eu-west-2.amazonaws.com",
        "User-Agent": "python-requests/2.20.0",
        "Via": "1.1 e874817f6498def18bc3c2de8e842383.cloudfront.net (CloudFront)",
        "X-Amz-Cf-Id": "vUztExf9G4abZd6OTnIaYjE2wmI3dXqp_c2WZtYUTaq0ZiK0VpjOjw==",
        "X-Amzn-Trace-Id": "Root=1-5c756dea-0c3dd21bd07278e4a5315d29",
        "X-Forwarded-For": "62.254.81.74, 54.239.166.85",
        "X-Forwarded-Port": "443",
        "X-Forwarded-Proto": "https",
      },
      "httpMethod": "POST",
      "multiValueHeaders": Object {
        "Accept": Array [
          "application/json",
        ],
        "Accept-Encoding": Array [
          "gzip, deflate",
        ],
        "CloudFront-Forwarded-Proto": Array [
          "https",
        ],
        "CloudFront-Is-Desktop-Viewer": Array [
          "true",
        ],
      },
      "path": "/receipt",
      "resource": "/receipt",
    },
    "endpoint_request_headers": Object {
      "Accept": "application/json",
      "Authorization": "************************************************************************************************************************************************************************************************************************************************************************************************************************5d5104",
      "User-Agent": "AmazonAPIGateway_uwe3g5jm54",
      "X-Amz-Date": "20190226T164842Z",
      "X-Amz-Security-Token": "FQoGZXIvYXdzELn//////////wEaDKkvL26vW+vpO6oebyK3A7YNcUbY0OR/LDigGXvkfr8mTdBwrLp/bKgH3baW3ENcoTkggGmIs5wnL3iFe0Q1p/WMk+cHN9lRk6HXAubOe4Vg3Jpp3ASGGvBjgDKx090XEaAnj2pik830H28ezKRhHaYUhS/3KIneH/59Bt8t1T3gpVDWqPTCicr1d1GpYRGg+Xn9J5HKRVO/KXx2P8zqY1tJBGxOZg6cmR4BnwunlmyfioYGiSYurae3qLoyQdUIdoEmuXBOcH9cTtRaJwOThkehFx5yBg4NFnoKnIZD0VVBPIfjIVLuZBYxDTzvisx54HjSt [TRUNCATED]",
      "X-Amz-Source-Arn": "arn:aws:execute-api:eu-west-2:958845080241:uwe3g5jm54/Prod/POST/receipt",
      "x-amzn-apigateway-api-id": "uwe3g5jm54",
      "x-amzn-lambda-integration-tag": "6015718a-39e6-11e9-be7e-29aff96747f2",
    },
    "endpoint_request_uri": "https://lambda.eu-west-2.amazonaws.com/2015-03-31/functions/arn:aws:lambda:eu-west-2:958845080241:function:log-test-1-StartReceiptVerifyFunc-BEGOSV0XJRHI/invocations",
    "endpoint_response_body": Object {
      "body": "{\\"subscriptionId\\":\\"5bc5e2c7-c33e-5bf7-87cf-8753c59fef95\\"}",
      "statusCode": 200,
    },
    "endpoint_response_headers": Object {
      "Connection": "keep-alive",
      "Content-Length": "89",
      "Content-Type": "application/json",
      "Date": "Tue",
      "X-Amz-Executed-Version": "$LATEST",
      "X-Amzn-Trace-Id": "root",
      "x-amzn-Remapped-Content-Length": "0",
      "x-amzn-RequestId": "5bebd615-2628-4e51-b176-d9522190c6f6",
    },
    "http_method": "POST",
    "http_resource_path": "/receipt",
    "integration_latency": 123,
    "method_request_body": Object {
      "receiptData": "82ca4c4f-26dd-4554-a11e-c3feb5324345",
    },
    "method_request_headers": Object {
      "Accept": "application/json",
      "Accept-Encoding": "gzip",
      "CloudFront-Forwarded-Proto": "https",
      "CloudFront-Is-Desktop-Viewer": "true",
      "CloudFront-Is-Mobile-Viewer": "false",
      "CloudFront-Is-SmartTV-Viewer": "false",
      "CloudFront-Is-Tablet-Viewer": "false",
      "CloudFront-Viewer-Country": "GB",
      "Content-Type": "application/json}",
      "Host": "uwe3g5jm54.execute-api.eu-west-2.amazonaws.com",
      "User-Agent": "python-requests/2.20.0",
      "Via": "1.1 e874817f6498def18bc3c2de8e842383.cloudfront.net (CloudFront)",
      "X-Amz-Cf-Id": "vUztExf9G4abZd6OTnIaYjE2wmI3dXqp_c2WZtYUTaq0ZiK0VpjOjw",
      "X-Amzn-Trace-Id": "Root",
      "X-Forwarded-For": "62.254.81.74",
      "X-Forwarded-Port": "443",
      "X-Forwarded-Proto": "https",
    },
    "method_response_body": Object {
      "subscriptionId": "5bc5e2c7-c33e-5bf7-87cf-8753c59fef95",
    },
    "method_response_headers": Object {
      "X-Amzn-Trace-Id": "Root",
    },
    "method_status": 200,
    "request-end-time": 2019-02-26T16:48:43.004Z,
    "request-execution-duration": 125,
    "request-start-time": 2019-02-26T16:48:42.879Z,
    "request_id": "6015718a-39e6-11e9-be7e-29aff96747f2",
    "request_path": "{}",
    "request_query_string": Object {},
  },
  "2": Object {
    "@timestamp": "2019-02-26T16:48:43.855Z",
    "api_stage": "uwe3g5jm54/Prod",
    "endpoint_request_body": Object {
      "headers": Object {
        "Accept": "application/json",
        "Accept-Encoding": "gzip, deflate",
        "CloudFront-Forwarded-Proto": "https",
        "CloudFront-Is-Desktop-Viewer": "true",
        "CloudFront-Is-Mobile-Viewer": "false",
        "CloudFront-Is-SmartTV-Viewer": "false",
        "CloudFront-Is-Tablet-Viewer": "false",
        "CloudFront-Viewer-Country": "GB",
        "Content-Type": "application/json",
        "Host": "uwe3g5jm54.execute-api.eu-west-2.amazonaws.com",
        "User-Agent": "python-requests/2.20.0",
        "Via": "1.1 6b11bd43fbd97ec7bb8917017ae0f954.cloudfront.net (CloudFront)",
        "X-Amz-Cf-Id": "_cR9ADd_XKDi544atuG_2YYYzBIWRYBC85bsER8GoVnBVV7ooeEGaA==",
        "X-Amzn-Trace-Id": "Root=1-5c756deb-b85c76f01d43eb2c8d8bb3c0",
        "X-Forwarded-For": "62.254.81.74, 54.239.166.85",
        "X-Forwarded-Port": "443",
        "X-Forwarded-Proto": "https",
      },
      "httpMethod": "POST",
      "multiValueHeaders": Object {
        "Accept": Array [
          "application/json",
        ],
        "Accept-Encoding": Array [
          "gzip, deflate",
        ],
        "CloudFront-Forwarded-Proto": Array [
          "https",
        ],
        "CloudFront-Is-Desktop-Viewer": Array [
          "true",
        ],
      },
      "path": "/echo",
      "resource": "/echo",
    },
    "endpoint_request_headers": Object {
      "Accept": "application/json",
      "Authorization": "************************************************************************************************************************************************************************************************************************************************************************************************************************cb08c6",
      "User-Agent": "AmazonAPIGateway_uwe3g5jm54",
      "X-Amz-Date": "20190226T164843Z",
      "X-Amz-Security-Token": "FQoGZXIvYXdzELn//////////wEaDKkvL26vW+vpO6oebyK3A7YNcUbY0OR/LDigGXvkfr8mTdBwrLp/bKgH3baW3ENcoTkggGmIs5wnL3iFe0Q1p/WMk+cHN9lRk6HXAubOe4Vg3Jpp3ASGGvBjgDKx090XEaAnj2pik830H28ezKRhHaYUhS/3KIneH/59Bt8t1T3gpVDWqPTCicr1d1GpYRGg+Xn9J5HKRVO/KXx2P8zqY1tJBGxOZg6cmR4BnwunlmyfioYGiSYurae3qLoyQdUIdoEmuXBOcH9cTtRaJwOThkehFx5yBg4NFnoKnIZD0VVBPIfjIVLuZBYxDTzvisx54HjStv/z [TRUNCATED]",
      "X-Amz-Source-Arn": "arn:aws:execute-api:eu-west-2:958845080241:uwe3g5jm54/Prod/POST/echo",
      "x-amzn-apigateway-api-id": "uwe3g5jm54",
      "x-amzn-lambda-integration-tag": "60aa5e11-39e6-11e9-be7e-29aff96747f2",
    },
    "endpoint_request_uri": "https://lambda.eu-west-2.amazonaws.com/2015-03-31/functions/arn:aws:lambda:eu-west-2:958845080241:function:log-test-1-EchoPostFunction-9TJON2VOEHC0/invocations",
    "endpoint_response_body": Object {
      "body": "{\\"body\\":{\\"id\\":\\"2a7fd6fe-45ae-4255-95b5-9e9339d5d321\\"}}",
      "statusCode": 200,
    },
    "endpoint_response_headers": Object {
      "Connection": "keep-alive",
      "Content-Length": "88",
      "Content-Type": "application/json",
      "Date": "Tue",
      "X-Amz-Executed-Version": "$LATEST",
      "X-Amzn-Trace-Id": "root",
      "x-amzn-Remapped-Content-Length": "0",
      "x-amzn-RequestId": "b3ebd3c9-1045-4001-ae58-fb611115ec9b",
    },
    "http_method": "POST",
    "http_resource_path": "/echo",
    "integration_latency": 11,
    "method_request_body": Object {
      "id": "2a7fd6fe-45ae-4255-95b5-9e9339d5d321",
    },
    "method_request_headers": Object {
      "Accept": "application/json",
      "Accept-Encoding": "gzip",
      "CloudFront-Forwarded-Proto": "https",
      "CloudFront-Is-Desktop-Viewer": "true",
      "CloudFront-Is-Mobile-Viewer": "false",
      "CloudFront-Is-SmartTV-Viewer": "false",
      "CloudFront-Is-Tablet-Viewer": "false",
      "CloudFront-Viewer-Country": "GB",
      "Content-Type": "application/json}",
      "Host": "uwe3g5jm54.execute-api.eu-west-2.amazonaws.com",
      "User-Agent": "python-requests/2.20.0",
      "Via": "1.1 6b11bd43fbd97ec7bb8917017ae0f954.cloudfront.net (CloudFront)",
      "X-Amz-Cf-Id": "_cR9ADd_XKDi544atuG_2YYYzBIWRYBC85bsER8GoVnBVV7ooeEGaA",
      "X-Amzn-Trace-Id": "Root",
      "X-Forwarded-For": "62.254.81.74",
      "X-Forwarded-Port": "443",
      "X-Forwarded-Proto": "https",
    },
    "method_response_body": Object {
      "body": Object {
        "id": "2a7fd6fe-45ae-4255-95b5-9e9339d5d321",
      },
    },
    "method_response_headers": Object {
      "X-Amzn-Trace-Id": "Root",
    },
    "method_status": 200,
    "request-end-time": 2019-02-26T16:48:43.869Z,
    "request-execution-duration": 14,
    "request-start-time": 2019-02-26T16:48:43.855Z,
    "request_id": "60aa5e11-39e6-11e9-be7e-29aff96747f2",
    "request_path": "{}",
    "request_query_string": Object {},
  },
  "3": Object {
    "@timestamp": "2019-02-26T16:48:45.256Z",
    "api_stage": "uwe3g5jm54/Prod",
    "endpoint_request_body": Object {
      "headers": Object {
        "Accept": "application/json",
        "Accept-Encoding": "gzip, deflate",
        "CloudFront-Forwarded-Proto": "https",
        "CloudFront-Is-Desktop-Viewer": "true",
        "CloudFront-Is-Mobile-Viewer": "false",
        "CloudFront-Is-SmartTV-Viewer": "false",
        "CloudFront-Is-Tablet-Viewer": "false",
        "CloudFront-Viewer-Country": "GB",
        "Content-Type": "application/json",
        "Host": "uwe3g5jm54.execute-api.eu-west-2.amazonaws.com",
        "User-Agent": "python-requests/2.20.0",
        "Via": "1.1 e07a8966bd7e1454b7e4fbbface731a2.cloudfront.net (CloudFront)",
        "X-Amz-Cf-Id": "mGmJz7sqdXXslLx6f-L_KQuS_Zpu7OCWoOsvWq4XBlSjNLU6h_ctZA==",
        "X-Amzn-Trace-Id": "Root=1-5c756ded-19e3e86556cc4e32759fb8af",
        "X-Forwarded-For": "62.254.81.74, 54.239.166.144",
        "X-Forwarded-Port": "443",
        "X-Forwarded-Proto": "https",
      },
      "httpMethod": "POST",
      "multiValueHeaders": Object {
        "Accept": Array [
          "application/json",
        ],
        "Accept-Encoding": Array [
          "gzip, deflate",
        ],
        "CloudFront-Forwarded-Proto": Array [
          "https",
        ],
        "CloudFront-Is-Desktop-Viewer": Array [
          "true",
        ],
      },
      "path": "/receipt",
      "resource": "/receipt",
    },
    "endpoint_request_headers": Object {
      "Accept": "application/json",
      "Authorization": "************************************************************************************************************************************************************************************************************************************************************************************************************************2b1a45",
      "User-Agent": "AmazonAPIGateway_uwe3g5jm54",
      "X-Amz-Date": "20190226T164845Z",
      "X-Amz-Security-Token": "FQoGZXIvYXdzELn//////////wEaDKkvL26vW+vpO6oebyK3A7YNcUbY0OR/LDigGXvkfr8mTdBwrLp/bKgH3baW3ENcoTkggGmIs5wnL3iFe0Q1p/WMk+cHN9lRk6HXAubOe4Vg3Jpp3ASGGvBjgDKx090XEaAnj2pik830H28ezKRhHaYUhS/3KIneH/59Bt8t1T3gpVDWqPTCicr1d1GpYRGg+Xn9J5HKRVO/KXx2P8zqY1tJBGxOZg6cmR4BnwunlmyfioYGiSYurae3qLoyQdUIdoEmuXBOcH9cTtRaJwOThkehFx5yBg4NFnoKnIZD0VVBPIfjIVLuZBYxDTzvisx54HjSt [TRUNCATED]",
      "X-Amz-Source-Arn": "arn:aws:execute-api:eu-west-2:958845080241:uwe3g5jm54/Prod/POST/receipt",
      "x-amzn-apigateway-api-id": "uwe3g5jm54",
      "x-amzn-lambda-integration-tag": "617ffe5e-39e6-11e9-be7e-29aff96747f2",
    },
    "endpoint_request_uri": "https://lambda.eu-west-2.amazonaws.com/2015-03-31/functions/arn:aws:lambda:eu-west-2:958845080241:function:log-test-1-StartReceiptVerifyFunc-BEGOSV0XJRHI/invocations",
    "endpoint_response_body": Object {
      "body": "{\\"subscriptionId\\":\\"5bc5e2c7-c33e-5bf7-87cf-8753c59fef95\\"}",
      "statusCode": 200,
    },
    "endpoint_response_headers": Object {
      "Connection": "keep-alive",
      "Content-Length": "89",
      "Content-Type": "application/json",
      "Date": "Tue",
      "X-Amz-Executed-Version": "$LATEST",
      "X-Amzn-Trace-Id": "root",
      "x-amzn-Remapped-Content-Length": "0",
      "x-amzn-RequestId": "54030987-ce05-4f2e-ac9d-7ad4b5cee7ba",
    },
    "http_method": "POST",
    "http_resource_path": "/receipt",
    "integration_latency": 185,
    "method_request_body": Object {
      "receiptData": "82ca4c4f-26dd-4554-a11e-c3feb5324345",
    },
    "method_request_headers": Object {
      "Accept": "application/json",
      "Accept-Encoding": "gzip",
      "CloudFront-Forwarded-Proto": "https",
      "CloudFront-Is-Desktop-Viewer": "true",
      "CloudFront-Is-Mobile-Viewer": "false",
      "CloudFront-Is-SmartTV-Viewer": "false",
      "CloudFront-Is-Tablet-Viewer": "false",
      "CloudFront-Viewer-Country": "GB",
      "Content-Type": "application/json}",
      "Host": "uwe3g5jm54.execute-api.eu-west-2.amazonaws.com",
      "User-Agent": "python-requests/2.20.0",
      "Via": "1.1 e07a8966bd7e1454b7e4fbbface731a2.cloudfront.net (CloudFront)",
      "X-Amz-Cf-Id": "mGmJz7sqdXXslLx6f-L_KQuS_Zpu7OCWoOsvWq4XBlSjNLU6h_ctZA",
      "X-Amzn-Trace-Id": "Root",
      "X-Forwarded-For": "62.254.81.74",
      "X-Forwarded-Port": "443",
      "X-Forwarded-Proto": "https",
    },
    "method_response_body": Object {
      "subscriptionId": "5bc5e2c7-c33e-5bf7-87cf-8753c59fef95",
    },
    "method_response_headers": Object {
      "X-Amzn-Trace-Id": "Root",
    },
    "method_status": 200,
    "request-end-time": 2019-02-26T16:48:45.444Z,
    "request-execution-duration": 188,
    "request-start-time": 2019-02-26T16:48:45.256Z,
    "request_id": "617ffe5e-39e6-11e9-be7e-29aff96747f2",
    "request_path": "{}",
    "request_query_string": Object {},
  },
}
`;
